{
  "local": {
    "datastore": {
      "main": "server=;user=;password=;",
      "auth": "server=;user=;password=;"
    }
  }
}