{
  "a": {
    "b": {
      "c": 123,
      "d": 123,
      "e": 123
    }
  },
  "x": {
    "y": {
      "z": 123,
      "w": 123
    }
  }
}